[     117ms] TypeError: Cannot read properties of null (reading 'addEventListener')
    at http://localhost:8777/movase-duo.html:702:41
[   63079ms] TypeError: Cannot set properties of null (setting 'innerHTML')
    at prs (http://localhost:8777/movase-duo.html:622:50)
    at apply (http://localhost:8777/movase-duo.html:642:38)
    at HTMLButtonElement.<anonymous> (http://localhost:8777/movase-duo.html:674:3)
[   68032ms] TypeError: Cannot set properties of null (setting 'innerHTML')
    at prs (http://localhost:8777/movase-duo.html:622:50)
    at apply (http://localhost:8777/movase-duo.html:642:38)
    at HTMLButtonElement.<anonymous> (http://localhost:8777/movase-duo.html:674:3)
[  249708ms] TypeError: Cannot set properties of null (setting 'innerHTML')
    at prs (http://localhost:8777/movase-duo.html:622:50)
    at apply (http://localhost:8777/movase-duo.html:642:38)
    at HTMLButtonElement.<anonymous> (http://localhost:8777/movase-duo.html:674:3)
[  254070ms] TypeError: Cannot set properties of null (setting 'innerHTML')
    at prs (http://localhost:8777/movase-duo.html:622:50)
    at apply (http://localhost:8777/movase-duo.html:642:38)
    at HTMLButtonElement.<anonymous> (http://localhost:8777/movase-duo.html:674:3)
[  265213ms] TypeError: Cannot set properties of null (setting 'innerHTML')
    at prs (http://localhost:8777/movase-duo.html:622:50)
    at apply (http://localhost:8777/movase-duo.html:642:38)
    at HTMLButtonElement.<anonymous> (http://localhost:8777/movase-duo.html:674:3)
